[astake.finance/index.html]
[backblue.gif]
[fade.gif]
[index.html]
[astake.finance/assets/images/logo/icon.png]
[cdnjs.cloudflare.com/ajax/libs/font-awesome/6.0.0/css/all.min.css]
[astake.finance/assets/css/vendor/bootstrap.min.css]
[astake.finance/assets/css/plugins/animation.css]
[astake.finance/assets/css/plugins/feature.css]
[astake.finance/assets/css/plugins/magnify.min.css]
[astake.finance/assets/css/plugins/slick.css]
[astake.finance/assets/css/plugins/slick-theme.css]
[astake.finance/assets/css/plugins/lightbox.css]
[astake.finance/assets/css/style.css]
[astake.finance/assets/css/custom.css]
[astake.finance/assets/images/logo/header_light.png]
[astake.finance/assets/images/logo/header_footer.png]
[astake.finance/assets/images/logo/logo-audit.png]
[astake.finance/dashboard.html]
[astake.finance/assets/images/icons/whale.png]
[astake.finance/assets/images/icons/014-exchange.png]
[astake.finance/assets/images/icons/007-gold-1.png]
[astake.finance/assets/images/icons/003-bank.png]
[astake.finance/assets/images/icons/011-insurance.png]
[astake.finance/assets/images/icons/010-heat.png]
[astake.finance/assets/images/logo/marketwatch-logo.webp]
[astake.finance/assets/images/logo/yahoofinance-logo.png]
[astake.finance/assets/images/logo/yahoonews-logo.png]
[astake.finance/assets/images/logo/digitaljournal-logo.png]
[astake.finance/assets/images/logo/ibtimes-logo.png]
[astake.finance/assets/js/vendor/modernizr.min.js]
[astake.finance/assets/js/vendor/jquery.min.js]
[astake.finance/assets/js/vendor/bootstrap.min.js]
[astake.finance/assets/js/vendor/popper.min.js]
[astake.finance/assets/js/vendor/waypoint.min.js]
[astake.finance/assets/js/vendor/wow.min.js]
[astake.finance/assets/js/vendor/counterup.min.js]
[astake.finance/assets/js/vendor/feather.min.js]
[astake.finance/assets/js/vendor/sal.min.js]
[astake.finance/assets/js/vendor/masonry.js]
[astake.finance/assets/js/vendor/imageloaded.js]
[astake.finance/assets/js/vendor/magnify.min.js]
[astake.finance/assets/js/vendor/lightbox.js]
[astake.finance/assets/js/vendor/slick.min.js]
[astake.finance/assets/js/vendor/text-type.js]
[astake.finance/assets/js/vendor/jquery.style.swicher.js]
[astake.finance/assets/js/vendor/js.cookie.js]
[cdnjs.cloudflare.com/ajax/libs/moment.js/2.13.0/moment.js]
[cdnjs.cloudflare.com/ajax/libs/moment-timezone/0.5.4/moment-timezone-with-data.js]
[astake.finance/index.html]
[cdnjs.cloudflare.com/ajax/libs/font-awesome/6.0.0/css/all.min.css]
[astake.finance/assets/css/vendor/bootstrap.min.css]
[astake.finance/assets/css/plugins/animation.css]
[astake.finance/assets/js/main.js]
[astake.finance/assets/fonts/Feather144f144f.ttf]
[astake.finance/assets/fonts/Feather144f144f.woff]
[astake.finance/assets/css/plugins/feature.css]
[astake.finance/assets/css/plugins/magnify.min.css]
[astake.finance/assets/css/plugins/slick.css]
[astake.finance/assets/images/ajax-loader.gif]
[astake.finance/assets/fonts/slick.eot]
[astake.finance/assets/fonts/slickd41dd41d.eot]
[astake.finance/assets/fonts/slick.woff]
[astake.finance/assets/fonts/slick.ttf]
[astake.finance/assets/css/plugins/slick-theme.css]
[astake.finance/assets/images/icons/lgd641d641.eot]
[astake.finance/assets/images/icons/lgd41dd41d.eot]
[astake.finance/assets/images/icons/lgd641d641.woff]
[astake.finance/assets/images/icons/lgd641d641.ttf]
[astake.finance/assets/css/fonts/lgd641d641.html]
[astake.finance/assets/images/icons/vimeo-play.html]
[astake.finance/assets/images/icons/video-play.html]
[astake.finance/assets/images/icons/youtube-play.html]
[astake.finance/assets/images/icons/loading.gif]
[astake.finance/assets/css/plugins/lightbox.css]
[astake.finance/assets/fonts/Sansation_Regular.ttf]
[astake.finance/assets/fonts/Sansation_Light.ttf]
[astake.finance/assets/fonts/Sansation_Italic.ttf]
[astake.finance/assets/fonts/SansationBold.ttf]
[astake.finance/assets/fonts/Sansation_Bold_Italic.ttf]
[astake.finance/assets/images/bg/bg-image-1.jpg]
[astake.finance/assets/images/bg/bg-image-2.jpg]
[astake.finance/assets/images/bg/bg-image-3.jpg]
[astake.finance/assets/images/bg/bg-image-4.jpg]
[astake.finance/assets/images/bg/bg-image-5.jpg]
[astake.finance/assets/images/bg/bg-image-6.jpg]
[astake.finance/assets/images/bg/bg-image-7.jpg]
[astake.finance/assets/images/bg/bg-image-8.jpg]
[astake.finance/assets/images/bg/bg-image-9.jpg]
[astake.finance/assets/images/bg/bg-image-10.jpg]
[astake.finance/assets/images/bg/bg-image-11.jpg]
[astake.finance/assets/images/bg/bg-image-12.jpg]
[astake.finance/assets/images/bg/bg-image-13.jpg]
[astake.finance/assets/images/bg/bg-image-14.jpg]
[astake.finance/assets/images/bg/bg-image-15.jpg]
[astake.finance/assets/images/bg/bg-image-16.html]
[astake.finance/assets/images/bg/bg-image-17.jpg]
[astake.finance/assets/images/bg/bg-image-18.jpg]
[astake.finance/assets/images/bg/bg-image-19.jpg]
[astake.finance/assets/images/bg/bg-image-20.jpg]
[astake.finance/assets/images/bg/bg-image-21.jpg]
[astake.finance/assets/images/bg/bg-image-22.jpg]
[astake.finance/assets/images/bg/bg-image-23.html]
[astake.finance/assets/images/bg/bg-image-24.html]
[astake.finance/assets/images/bg/bg-image-25.html]
[astake.finance/assets/images/bg/bg-image-26.html]
[astake.finance/assets/images/bg/bg-image-27.html]
[astake.finance/assets/images/bg/bg-image-28.html]
[astake.finance/assets/images/bg/bg-image-29.html]
[astake.finance/assets/images/bg/bg-image-30.html]
[astake.finance/assets/images/header-top/top-banner.png]
[astake.finance/assets/images/slick-arrow-left-small.png]
[astake.finance/assets/images/slick-arrow-right-small.png]
[astake.finance/assets/images/call-to-action/bg-image-1.jpg]
[astake.finance/assets/images/call-to-action/bg-image-2.jpg]
[astake.finance/assets/images/slider-bg/bg-image-3.html]
[astake.finance/assets/images/bg-video/bg-image-4.jpg]
[astake.finance/assets/images/slider-bg/bg-image-4.html]
[astake.finance/assets/images/slider-bg/bg-image-5.html]
[astake.finance/assets/images/slider-bg/bg-image-6.html]
[astake.finance/assets/images/slider-bg/bg-image-13.html]
[astake.finance/assets/images/slider-bg/bg-image-14.html]
[astake.finance/assets/images/slider-bg/bg-image-15.html]
[astake.finance/assets/css/style.css]
[astake.finance/assets/images/slider-bg/bg-image-16.html]
[astake.finance/assets/images/icons/graphic-shape.png]
[astake.finance/assets/images/bg/background_header.jpg]
[astake.finance/assets/css/custom.css]
[astake.finance/appAssets/fonts/simple-line-icons/style.css]
[astake.finance/appAssets/vendors/css/toastr.css]
[astake.finance/appAssets/css/app.css]
[astake.finance/appAssets/css/style.css]
[unpkg.com/web3@1.2.11/dist/web3.min.js]
[unpkg.com/web3modal@1.9.0/dist/index.js]
[unpkg.com/evm-chains@0.2.0/dist/umd/index.min.js]
[unpkg.com/@walletconnect/web3-provider@1.2.1/dist/umd/index.min.js]
[astake.finance/appAssets/vendors/js/core/jquery-3.3.1.min.js]
[astake.finance/appAssets/vendors/js/core/popper.min.js]
[astake.finance/appAssets/vendors/js/core/bootstrap.min.js]
[astake.finance/dashboard.html]
[astake.finance/assets/images/icons/one.svg]
[astake.finance/assets/images/icons/two.svg]
[astake.finance/assets/images/icons/three.svg]
[astake.finance/assets/images/logo/benzinga-logo.svg]
[astake.finance/assets/fonts/Feather144f144f.svg]
[astake.finance/assets/fonts/slick.svg]
[astake.finance/assets/css/fonts/lgd641d641.html]
[astake.finance/appAssets/vendors/js/toastr.min.js]
[rainbowit.net/wp-content/uploads/2018/12/rainbow-thumb.png]
[rainbowit.net/wp-content/plugins/coming-soon/themes/default/bootstrap/css/bootstrap.min.css]
[rainbowit.net/wp-content/plugins/coming-soon/themes/default/style.css]
[rainbowit.net/wp-content/uploads/2018/12/rainbow.jpg]
[rainbowit.net/wp-includes/js/jquery/jquery.js]
[astake.finance/assets/images/icons/vimeo-play.html]
[rainbowit.net/wp-content/plugins/coming-soon/themes/default/bootstrap/js/bootstrap.min.js]
[astake.finance/assets/images/icons/video-play.html]
[astake.finance/assets/images/icons/youtube-play.html]
[astake.finance/assets/images/bg/bg-image-16.html]
[astake.finance/assets/images/bg/bg-image-23.html]
[astake.finance/assets/images/bg/bg-image-24.html]
[astake.finance/assets/images/bg/bg-image-25.html]
[astake.finance/assets/images/bg/bg-image-26.html]
[astake.finance/assets/images/bg/bg-image-27.html]
[astake.finance/assets/images/bg/bg-image-28.html]
[astake.finance/assets/images/bg/bg-image-29.html]
[astake.finance/assets/images/bg/bg-image-30.html]
[astake.finance/assets/images/slider-bg/bg-image-3.html]
[astake.finance/assets/images/slider-bg/bg-image-4.html]
[astake.finance/assets/images/slider-bg/bg-image-5.html]
[astake.finance/assets/images/slider-bg/bg-image-6.html]
[astake.finance/assets/images/slider-bg/bg-image-13.html]
[astake.finance/assets/images/slider-bg/bg-image-14.html]
[astake.finance/assets/images/slider-bg/bg-image-15.html]
[astake.finance/assets/images/slider-bg/bg-image-16.html]
[astake.finance/appAssets/fonts/simple-line-icons/fonts/Simple-Line-Icons.eot]
[astake.finance/appAssets/fonts/simple-line-icons/fonts/Simple-Line-Iconsd41dd41d.eot]
[astake.finance/appAssets/fonts/simple-line-icons/fonts/Simple-Line-Icons.ttf]
[astake.finance/appAssets/fonts/simple-line-icons/style.css]
[astake.finance/appAssets/vendors/css/toastr.css]
[astake.finance/appAssets/fonts/Sansation_Regular.ttf]
[astake.finance/appAssets/fonts/Sansation_Light.ttf]
[astake.finance/appAssets/fonts/Sansation_Italic.ttf]
[astake.finance/appAssets/fonts/SansationBold.ttf]
[astake.finance/appAssets/fonts/Sansation_Bold_Italic.ttf]
[astake.finance/appAssets/img/pages/sativa.png]
[astake.finance/appAssets/css/app.css]
[astake.finance/appAssets/img/photos/background-body.jpg]
[astake.finance/appAssets/css/style.css]
[rainbowit.net/wp-content/plugins/coming-soon/themes/default/bootstrap/css/bootstrap.min.css]
[rainbowit.net/wp-content/plugins/coming-soon/themes/default/style.css]
[astake.finance/appAssets/fonts/simple-line-icons/fonts/Simple-Line-Icons.svg]
[astake.finance/js/app.js]
